------------------------------------------------------------
TimeQuest Timing Analyzer Summary
------------------------------------------------------------

Type  : Slow 1100mV 85C Model Setup 'vgasync:vgasync|pixel_reg'
Slack : -2.227
TNS   : -47.371

Type  : Slow 1100mV 85C Model Setup 'clk'
Slack : 0.075
TNS   : 0.000

Type  : Slow 1100mV 85C Model Hold 'clk'
Slack : -1.821
TNS   : -1.821

Type  : Slow 1100mV 85C Model Hold 'vgasync:vgasync|pixel_reg'
Slack : -0.269
TNS   : -2.690

Type  : Slow 1100mV 85C Model Minimum Pulse Width 'clk'
Slack : -0.867
TNS   : -1.499

Type  : Slow 1100mV 85C Model Minimum Pulse Width 'vgasync:vgasync|pixel_reg'
Slack : -0.394
TNS   : -18.944

Type  : Slow 1100mV 0C Model Setup 'vgasync:vgasync|pixel_reg'
Slack : -2.245
TNS   : -46.437

Type  : Slow 1100mV 0C Model Setup 'clk'
Slack : -0.254
TNS   : -0.254

Type  : Slow 1100mV 0C Model Hold 'clk'
Slack : -1.414
TNS   : -1.414

Type  : Slow 1100mV 0C Model Hold 'vgasync:vgasync|pixel_reg'
Slack : -0.197
TNS   : -1.964

Type  : Slow 1100mV 0C Model Minimum Pulse Width 'clk'
Slack : -0.884
TNS   : -1.557

Type  : Slow 1100mV 0C Model Minimum Pulse Width 'vgasync:vgasync|pixel_reg'
Slack : -0.394
TNS   : -17.433

Type  : Fast 1100mV 85C Model Setup 'vgasync:vgasync|pixel_reg'
Slack : -1.044
TNS   : -18.602

Type  : Fast 1100mV 85C Model Setup 'clk'
Slack : -0.433
TNS   : -0.433

Type  : Fast 1100mV 85C Model Hold 'clk'
Slack : -0.654
TNS   : -0.654

Type  : Fast 1100mV 85C Model Hold 'vgasync:vgasync|pixel_reg'
Slack : -0.111
TNS   : -1.110

Type  : Fast 1100mV 85C Model Minimum Pulse Width 'clk'
Slack : -0.762
TNS   : -1.176

Type  : Fast 1100mV 85C Model Minimum Pulse Width 'vgasync:vgasync|pixel_reg'
Slack : 0.039
TNS   : 0.000

Type  : Fast 1100mV 0C Model Setup 'vgasync:vgasync|pixel_reg'
Slack : -0.914
TNS   : -16.134

Type  : Fast 1100mV 0C Model Setup 'clk'
Slack : -0.527
TNS   : -0.527

Type  : Fast 1100mV 0C Model Hold 'clk'
Slack : -0.462
TNS   : -0.462

Type  : Fast 1100mV 0C Model Hold 'vgasync:vgasync|pixel_reg'
Slack : -0.083
TNS   : -0.830

Type  : Fast 1100mV 0C Model Minimum Pulse Width 'clk'
Slack : -0.748
TNS   : -1.154

Type  : Fast 1100mV 0C Model Minimum Pulse Width 'vgasync:vgasync|pixel_reg'
Slack : 0.033
TNS   : 0.000

------------------------------------------------------------
