------------------------------------------------------------
TimeQuest Timing Analyzer Summary
------------------------------------------------------------

Type  : Slow 1100mV 85C Model Setup 'vgasync:vgasync|pixel_reg'
Slack : -16.163
TNS   : -601.431

Type  : Slow 1100mV 85C Model Setup 'clk'
Slack : 0.161
TNS   : 0.000

Type  : Slow 1100mV 85C Model Hold 'clk'
Slack : -1.739
TNS   : -1.739

Type  : Slow 1100mV 85C Model Hold 'vgasync:vgasync|pixel_reg'
Slack : -0.473
TNS   : -5.167

Type  : Slow 1100mV 85C Model Minimum Pulse Width 'vgasync:vgasync|pixel_reg'
Slack : -2.225
TNS   : -58.435

Type  : Slow 1100mV 85C Model Minimum Pulse Width 'clk'
Slack : -0.673
TNS   : -1.103

Type  : Slow 1100mV 0C Model Setup 'vgasync:vgasync|pixel_reg'
Slack : -16.472
TNS   : -608.621

Type  : Slow 1100mV 0C Model Setup 'clk'
Slack : -0.039
TNS   : -0.039

Type  : Slow 1100mV 0C Model Hold 'clk'
Slack : -1.533
TNS   : -1.533

Type  : Slow 1100mV 0C Model Hold 'vgasync:vgasync|pixel_reg'
Slack : -0.349
TNS   : -3.837

Type  : Slow 1100mV 0C Model Minimum Pulse Width 'vgasync:vgasync|pixel_reg'
Slack : -2.225
TNS   : -59.379

Type  : Slow 1100mV 0C Model Minimum Pulse Width 'clk'
Slack : -0.705
TNS   : -1.200

Type  : Fast 1100mV 85C Model Setup 'vgasync:vgasync|pixel_reg'
Slack : -9.039
TNS   : -354.427

Type  : Fast 1100mV 85C Model Setup 'clk'
Slack : -0.212
TNS   : -0.212

Type  : Fast 1100mV 85C Model Hold 'clk'
Slack : -0.771
TNS   : -0.771

Type  : Fast 1100mV 85C Model Hold 'vgasync:vgasync|pixel_reg'
Slack : -0.191
TNS   : -2.199

Type  : Fast 1100mV 85C Model Minimum Pulse Width 'vgasync:vgasync|pixel_reg'
Slack : -1.702
TNS   : -23.289

Type  : Fast 1100mV 85C Model Minimum Pulse Width 'clk'
Slack : -0.651
TNS   : -0.951

Type  : Fast 1100mV 0C Model Setup 'vgasync:vgasync|pixel_reg'
Slack : -8.468
TNS   : -328.975

Type  : Fast 1100mV 0C Model Setup 'clk'
Slack : -0.205
TNS   : -0.205

Type  : Fast 1100mV 0C Model Hold 'clk'
Slack : -0.726
TNS   : -0.726

Type  : Fast 1100mV 0C Model Hold 'vgasync:vgasync|pixel_reg'
Slack : -0.165
TNS   : -1.850

Type  : Fast 1100mV 0C Model Minimum Pulse Width 'vgasync:vgasync|pixel_reg'
Slack : -1.702
TNS   : -22.331

Type  : Fast 1100mV 0C Model Minimum Pulse Width 'clk'
Slack : -0.641
TNS   : -0.941

------------------------------------------------------------
