------------------------------------------------------------
TimeQuest Timing Analyzer Summary
------------------------------------------------------------

Type  : Slow 1100mV 85C Model Setup 'vgasync:vgasync|pixel_reg'
Slack : -15.917
TNS   : -558.256

Type  : Slow 1100mV 85C Model Setup 'clk'
Slack : 0.094
TNS   : 0.000

Type  : Slow 1100mV 85C Model Hold 'clk'
Slack : -1.555
TNS   : -1.555

Type  : Slow 1100mV 85C Model Hold 'vgasync:vgasync|pixel_reg'
Slack : -0.053
TNS   : -0.546

Type  : Slow 1100mV 85C Model Minimum Pulse Width 'clk'
Slack : -0.742
TNS   : -1.245

Type  : Slow 1100mV 85C Model Minimum Pulse Width 'vgasync:vgasync|pixel_reg'
Slack : -0.545
TNS   : -32.703

Type  : Slow 1100mV 0C Model Setup 'vgasync:vgasync|pixel_reg'
Slack : -16.288
TNS   : -567.484

Type  : Slow 1100mV 0C Model Setup 'clk'
Slack : -0.056
TNS   : -0.056

Type  : Slow 1100mV 0C Model Hold 'clk'
Slack : -1.389
TNS   : -1.389

Type  : Slow 1100mV 0C Model Hold 'vgasync:vgasync|pixel_reg'
Slack : 0.082
TNS   : 0.000

Type  : Slow 1100mV 0C Model Minimum Pulse Width 'clk'
Slack : -0.768
TNS   : -1.325

Type  : Slow 1100mV 0C Model Minimum Pulse Width 'vgasync:vgasync|pixel_reg'
Slack : -0.573
TNS   : -34.006

Type  : Fast 1100mV 85C Model Setup 'vgasync:vgasync|pixel_reg'
Slack : -8.565
TNS   : -314.513

Type  : Fast 1100mV 85C Model Setup 'clk'
Slack : -0.298
TNS   : -0.298

Type  : Fast 1100mV 85C Model Hold 'clk'
Slack : -0.654
TNS   : -0.654

Type  : Fast 1100mV 85C Model Hold 'vgasync:vgasync|pixel_reg'
Slack : -0.013
TNS   : -0.013

Type  : Fast 1100mV 85C Model Minimum Pulse Width 'clk'
Slack : -0.693
TNS   : -1.035

Type  : Fast 1100mV 85C Model Minimum Pulse Width 'vgasync:vgasync|pixel_reg'
Slack : -0.281
TNS   : -4.245

Type  : Fast 1100mV 0C Model Setup 'vgasync:vgasync|pixel_reg'
Slack : -8.076
TNS   : -293.560

Type  : Fast 1100mV 0C Model Setup 'clk'
Slack : -0.271
TNS   : -0.271

Type  : Fast 1100mV 0C Model Hold 'clk'
Slack : -0.638
TNS   : -0.638

Type  : Fast 1100mV 0C Model Hold 'vgasync:vgasync|pixel_reg'
Slack : 0.018
TNS   : 0.000

Type  : Fast 1100mV 0C Model Minimum Pulse Width 'clk'
Slack : -0.679
TNS   : -1.016

Type  : Fast 1100mV 0C Model Minimum Pulse Width 'vgasync:vgasync|pixel_reg'
Slack : -0.219
TNS   : -3.400

------------------------------------------------------------
